// Jest Snapshot v1, https://goo.gl/fbAQLP

exports[`Present renders correctly 1`] = `ShallowWrapper {}`;
